
> Configure project :
Fabric Loom: 1.17.16

> Task :compileJava UP-TO-DATE
> Task :processResources UP-TO-DATE
> Task :classes UP-TO-DATE

> Task :compileClientJava

> Task :compileClientJava FAILED

[Incubating] Problems report is available at: file:///D:/DEV/bbs_clean/build/reports/problems/problems-report.html
3 actionable tasks: 1 executed, 2 up-to-date
