.\gradlew.bat : WARNING: A restricted method in java.lang.System has been called
所在位置 行:439 字符: 152
+ ... V\bbs_clean; .\gradlew.bat compileClientJava --no-daemon 2>&1 | Out-F ...
+                  ~~~~~~~~~~~~~~~~~~~~~~~~~~~~~~~~~~~~~~~~~~~~~~~~
    + CategoryInfo          : NotSpecified: (WARNING: A rest...has been called:String) [], RemoteException
    + FullyQualifiedErrorId : NativeCommandError
 
WARNING: java.lang.System::load has been called by net.rubygrapefruit.platform.internal.NativeLibraryLoader in an unnam
ed module (file:/C:/Users/hechengyu/.gradle/wrapper/dists/gradle-9.5.1-bin/iq79hdu3mqx29lgffhp8bfmx/gradle-9.5.1/lib/na
tive-platform-0.22-milestone-29.jar)
WARNING: Use --enable-native-access=ALL-UNNAMED to avoid a warning for callers in this module
WARNING: Restricted methods will be blocked in a future release unless native access is enabled

To honour the JVM settings for this build a single-use Daemon process will be forked. For more on this, please refer to https://docs.gradle.org/9.5.1/userguide/gradle_daemon.html#sec:disabling_the_daemon in the Gradle documentation.
Daemon will be stopped at the end of the build 

> Configure project :
Fabric Loom: 1.17.16

> Task :compileJava UP-TO-DATE
> Task :processResources UP-TO-DATE
> Task :classes UP-TO-DATE

> Task :compileClientJava
D:\DEV\bbs_clean\src\client\java\mchorse\bbs_mod\forms\CustomVertexConsumerProvider.java:15: 閿欒: 绫?CustomVertexConsume
r 鏄叕鍏辩殑, 搴斿湪鍚嶄负 CustomVertexConsumer.java 鐨勬枃浠朵腑澹版槑
public class CustomVertexConsumer extends VertexConsumer.Immediate
       ^
D:\DEV\bbs_clean\src\client\java\mchorse\bbs_mod\mixin\client\RenderLayerMixin.java:13: 閿欒: 绫?RenderTypesMixin 鏄叕鍏辩殑,
 搴斿湪鍚嶄负 RenderTypesMixin.java 鐨勬枃浠朵腑澹版槑
public class RenderTypesMixin
       ^
D:\DEV\bbs_clean\src\client\java\mchorse\bbs_mod\ui\framework\elements\utils\Batcher2D.java:384: 閿欒: 鎵句笉鍒扮鍙?    publi
c void texturedBox(Supplier<ShaderProgram> shader, int texture, int color, float x, float y, float w, float h, float u1
, float v1, float u2, float v2, int textureW, int textureH)
                                     ^
  绗﹀彿:   绫?ShaderProgram
  浣嶇疆: 绫?Batcher2D
D:\DEV\bbs_clean\src\client\java\mchorse\bbs_mod\ui\framework\UIBaseMenu.java:255: 閿欒: 鎵句笉鍒扮鍙?    public void renderI
nWorld(LevelRenderContext context)
                              ^
  绗﹀彿:   绫?LevelRenderContext
  浣嶇疆: 绫?UIBaseMenu
D:\DEV\bbs_clean\src\client\java\mchorse\bbs_mod\utils\VideoRecorder.java:9: 璀﹀憡: Unsafe鏄唴閮ㄤ笓鐢?API, 鍙兘浼氬湪鏈潵鍙戣鐗堜腑鍒犻櫎
import sun.misc.Unsafe;
               ^
D:\DEV\bbs_clean\src\client\java\mchorse\bbs_mod\film\Films.java:267: 閿欒: 鎵句笉鍒扮鍙?    public void render(LevelRenderCo
ntext context)
                       ^
  绗﹀彿:   绫?LevelRenderContext
  浣嶇疆: 绫?Films
D:\DEV\bbs_clean\src\client\java\mchorse\bbs_mod\film\Recorder.java:160: 閿欒: 鎵句笉鍒扮鍙?    public void render(LevelRende
rContext context)
                       ^
  绗﹀彿:   绫?LevelRenderContext
  浣嶇疆: 绫?Recorder
D:\DEV\bbs_clean\src\client\java\mchorse\bbs_mod\film\WorldFilmController.java:62: 閿欒: 鎵句笉鍒扮鍙?    public void render(
LevelRenderContext context)
                       ^
  绗﹀彿:   绫?LevelRenderContext
  浣嶇疆: 绫?WorldFilmController
D:\DEV\bbs_clean\src\client\java\mchorse\bbs_mod\film\BaseFilmController.java:316: 閿欒: 鎵句笉鍒扮鍙?    private static void
 renderNameTag(IEntity entity, Component text, PoseStack matrices, VertexConsumer vertexConsumers, int light)
                                                                                          ^
  绗﹀彿:   绫?VertexConsumer
  浣嶇疆: 绫?BaseFilmController
D:\DEV\bbs_clean\src\client\java\mchorse\bbs_mod\film\BaseFilmController.java:624: 閿欒: 鎵句笉鍒扮鍙?    public void render(
LevelRenderContext context)
                       ^
  绗﹀彿:   绫?LevelRenderContext
  浣嶇疆: 绫?BaseFilmController
D:\DEV\bbs_clean\src\client\java\mchorse\bbs_mod\film\BaseFilmController.java:643: 閿欒: 鎵句笉鍒扮鍙?    protected void rend
erEntity(LevelRenderContext context, Replay replay, IEntity entity)
                                ^
  绗﹀彿:   绫?LevelRenderContext
  浣嶇疆: 绫?BaseFilmController
D:\DEV\bbs_clean\src\client\java\mchorse\bbs_mod\film\BaseFilmController.java:655: 閿欒: 鎵句笉鍒扮鍙?    protected FilmContr
ollerContext getFilmControllerContext(LevelRenderContext context, Replay replay, IEntity entity)
                                                             ^
  绗﹀彿:   绫?LevelRenderContext
  浣嶇疆: 绫?BaseFilmController
D:\DEV\bbs_clean\src\client\java\mchorse\bbs_mod\film\FilmControllerContext.java:22: 閿欒: 鎵句笉鍒扮鍙?    public VertexCons
umer consumers;
           ^
  绗﹀彿:   绫?VertexConsumer
  浣嶇疆: 绫?FilmControllerContext
D:\DEV\bbs_clean\src\client\java\mchorse\bbs_mod\film\FilmControllerContext.java:52: 閿欒: 鎵句笉鍒扮鍙?    public FilmContro
llerContext setup(IntObjectMap<IEntity> entities, IEntity entity, Replay replay, LevelRenderContext context)
                                                                                                      ^
  绗﹀彿:   绫?LevelRenderContext
  浣嶇疆: 绫?FilmControllerContext
D:\DEV\bbs_clean\src\client\java\mchorse\bbs_mod\film\FilmControllerContext.java:67: 閿欒: 鎵句笉鍒扮鍙?    public FilmContro
llerContext setup(IntObjectMap<IEntity> entities, IEntity entity, Replay replay, Camera camera, PoseStack stack, Vertex
Consumer consumers, float transition)
                                                                                                                       
               ^
  绗﹀彿:   绫?VertexConsumer
  浣嶇疆: 绫?FilmControllerContext
D:\DEV\bbs_clean\src\client\java\mchorse\bbs_mod\client\renderer\item\GunItemRenderer.java:52: 閿欒: 鎵句笉鍒扮鍙?    public 
void render(ItemStack stack, ItemDisplayContext mode, PoseStack matrices, VertexConsumer vertexConsumers, int light, in
t overlay)
                                                                                     ^
  绗﹀彿:   绫?VertexConsumer
  浣嶇疆: 绫?GunItemRenderer
D:\DEV\bbs_clean\src\client\java\mchorse\bbs_mod\client\renderer\item\ModelBlockItemRenderer.java:52: 閿欒: 鎵句笉鍒扮鍙?    
public void render(ItemStack stack, ItemDisplayContext mode, PoseStack matrices, VertexConsumer vertexConsumers, int li
ght, int overlay)
                                                                                     ^
  绗﹀彿:   绫?VertexConsumer
  浣嶇疆: 绫?ModelBlockItemRenderer
D:\DEV\bbs_clean\src\client\java\mchorse\bbs_mod\ui\dashboard\UIDashboard.java:333: 閿欒: 鎵句笉鍒扮鍙?    public void render
InWorld(LevelRenderContext context)
                              ^
  绗﹀彿:   绫?LevelRenderContext
  浣嶇疆: 绫?UIDashboard
D:\DEV\bbs_clean\src\client\java\mchorse\bbs_mod\ui\dashboard\panels\UIDashboardPanel.java:58: 閿欒: 鎵句笉鍒扮鍙?    public 
void renderInWorld(LevelRenderContext context)
                              ^
  绗﹀彿:   绫?LevelRenderContext
  浣嶇疆: 绫?UIDashboardPanel
D:\DEV\bbs_clean\src\client\java\mchorse\bbs_mod\particles\ParticleParser.java:27: 閿欒: 鎵句笉鍒扮鍙?import mchorse.bbs_mod.
particles.components.shape.ParticleComponentShapeBox;
                                                 ^
  绗﹀彿:   绫?ParticleComponentShapeBox
  浣嶇疆: 绋嬪簭鍖?mchorse.bbs_mod.particles.components.shape
D:\DEV\bbs_clean\src\client\java\mchorse\bbs_mod\particles\emitter\ParticleEmitter.java:470: 閿欒: 鎵句笉鍒扮鍙?    public vo
id render(VertexFormat format, Supplier<ShaderProgram> program, PoseStack stack, int overlay, float transition)
                                                     ^
  绗﹀彿:   绫?ShaderProgram
  浣嶇疆: 绫?ParticleEmitter
D:\DEV\bbs_clean\src\client\java\mchorse\bbs_mod\ui\forms\categories\UIFormCategory.java:30: 閿欒: 鎵句笉鍒扮鍙?import net.mi
necraft.client.player.PlayerInfo;
                                  ^
  绗﹀彿:   绫?PlayerInfo
  浣嶇疆: 绋嬪簭鍖?net.minecraft.client.player
D:\DEV\bbs_clean\src\client\java\mchorse\bbs_mod\cubic\ModelInstance.java:327: 閿欒: 鎵句笉鍒扮鍙?    public void render(Pose
Stack stack, Supplier<ShaderProgram> program, Color color, int light, int overlay, StencilMap stencilMap, ShapeKeys key
s)
                                                 ^
  绗﹀彿:   绫?ShaderProgram
  浣嶇疆: 绫?ModelInstance
D:\DEV\bbs_clean\src\client\java\mchorse\bbs_mod\ui\film\UIFilmPanel.java:1060: 閿欒: 鎵句笉鍒扮鍙?    public void renderInWo
rld(LevelRenderContext context)
                              ^
  绗﹀彿:   绫?LevelRenderContext
  浣嶇疆: 绫?UIFilmPanel
D:\DEV\bbs_clean\src\client\java\mchorse\bbs_mod\ui\film\controller\UIFilmController.java:122: 閿欒: 鎵句笉鍒扮鍙?    private
 LevelRenderContext worldRenderContext;
            ^
  绗﹀彿:   绫?LevelRenderContext
  浣嶇疆: 绫?UIFilmController
D:\DEV\bbs_clean\src\client\java\mchorse\bbs_mod\ui\film\controller\UIFilmController.java:1107: 閿欒: 鎵句笉鍒扮鍙?    public
 void renderFrame(LevelRenderContext context)
                            ^
  绗﹀彿:   绫?LevelRenderContext
  浣嶇疆: 绫?UIFilmController
D:\DEV\bbs_clean\src\client\java\mchorse\bbs_mod\ui\film\controller\UIFilmController.java:1164: 閿欒: 鎵句笉鍒扮鍙?    privat
e void renderStencil(LevelRenderContext renderContext, UIContext context, boolean altPressed)
                               ^
  绗﹀彿:   绫?LevelRenderContext
  浣嶇疆: 绫?UIFilmController
D:\DEV\bbs_clean\src\client\java\mchorse\bbs_mod\ui\film\controller\FilmEditorController.java:137: 閿欒: 鎵句笉鍒扮鍙?    pro
tected void renderEntity(LevelRenderContext context, Replay replay, IEntity entity)
                                ^
  绗﹀彿:   绫?LevelRenderContext
  浣嶇疆: 绫?FilmEditorController
D:\DEV\bbs_clean\src\client\java\mchorse\bbs_mod\ui\film\controller\FilmEditorController.java:194: 閿欒: 鎵句笉鍒扮鍙?    pri
vate void renderOnion(Replay replay, int index, int direction, KeyframeChannel<?> pose, int color, int frames, LevelRen
derContext context, boolean isPlaying, IEntity entity)
                                                                                                                      ^
  绗﹀彿:   绫?LevelRenderContext
  浣嶇疆: 绫?FilmEditorController
D:\DEV\bbs_clean\src\client\java\mchorse\bbs_mod\ui\film\controller\FilmEditorController.java:225: 閿欒: 鎵句笉鍒扮鍙?    pro
tected FilmControllerContext getFilmControllerContext(LevelRenderContext context, Replay replay, IEntity entity)
                                                             ^
  绗﹀彿:   绫?LevelRenderContext
  浣嶇疆: 绫?FilmEditorController
D:\DEV\bbs_clean\src\client\java\mchorse\bbs_mod\client\BBSRendering.java:31: 閿欒: 鎵句笉鍒扮鍙?import net.fabricmc.fabric.i
mpl.client.rendering.LevelRenderContextImpl;
                                                ^
  绗﹀彿:   绫?LevelRenderContextImpl
  浣嶇疆: 绋嬪簭鍖?net.fabricmc.fabric.impl.client.rendering
D:\DEV\bbs_clean\src\client\java\mchorse\bbs_mod\client\BBSRendering.java:72: 閿欒: 鎵句笉鍒扮鍙?    private static Framebuff
er framebuffer;
                   ^
  绗﹀彿:   绫?Framebuffer
  浣嶇疆: 绫?BBSRendering
D:\DEV\bbs_clean\src\client\java\mchorse\bbs_mod\client\BBSRendering.java:73: 閿欒: 鎵句笉鍒扮鍙?    private static Framebuff
er clientFramebuffer;
                   ^
  绗﹀彿:   绫?Framebuffer
  浣嶇疆: 绫?BBSRendering
D:\DEV\bbs_clean\src\client\java\mchorse\bbs_mod\client\BBSRendering.java:206: 閿欒: 鎵句笉鍒扮鍙?    public static Framebuff
er getFramebuffer()
                  ^
  绗﹀彿:   绫?Framebuffer
  浣嶇疆: 绫?BBSRendering
D:\DEV\bbs_clean\src\client\java\mchorse\bbs_mod\client\BBSRendering.java:236: 閿欒: 鎵句笉鍒扮鍙?    public static void resi
zeFramebuffer(Framebuffer framebuffer)
                                         ^
  绗﹀彿:   绫?Framebuffer
  浣嶇疆: 绫?BBSRendering
D:\DEV\bbs_clean\src\client\java\mchorse\bbs_mod\client\BBSRendering.java:298: 閿欒: 鎵句笉鍒扮鍙?    private static void rea
ssignFramebuffer(Framebuffer framebuffer)
                                            ^
  绗﹀彿:   绫?Framebuffer
  浣嶇疆: 绫?BBSRendering
D:\DEV\bbs_clean\src\client\java\mchorse\bbs_mod\client\BBSRendering.java:413: 閿欒: 鎵句笉鍒扮鍙?    public static void rend
erCoolStuff(LevelRenderContext worldRenderContext)
                                       ^
  绗﹀彿:   绫?LevelRenderContext
  浣嶇疆: 绫?BBSRendering
D:\DEV\bbs_clean\src\client\java\mchorse\bbs_mod\client\BBSShaders.java:17: 閿欒: 鎵句笉鍒扮鍙?    private static ShaderProgr
am model;
                   ^
  绗﹀彿:   绫?ShaderProgram
  浣嶇疆: 绫?BBSShaders
D:\DEV\bbs_clean\src\client\java\mchorse\bbs_mod\client\BBSShaders.java:18: 閿欒: 鎵句笉鍒扮鍙?    private static ShaderProgr
am multiLink;
                   ^
  绗﹀彿:   绫?ShaderProgram
  浣嶇疆: 绫?BBSShaders
D:\DEV\bbs_clean\src\client\java\mchorse\bbs_mod\client\BBSShaders.java:19: 閿欒: 鎵句笉鍒扮鍙?    private static ShaderProgr
am subtitles;
                   ^
  绗﹀彿:   绫?ShaderProgram
  浣嶇疆: 绫?BBSShaders
D:\DEV\bbs_clean\src\client\java\mchorse\bbs_mod\client\BBSShaders.java:21: 閿欒: 鎵句笉鍒扮鍙?    private static ShaderProgr
am pickerPreview;
                   ^
  绗﹀彿:   绫?ShaderProgram
  浣嶇疆: 绫?BBSShaders
D:\DEV\bbs_clean\src\client\java\mchorse\bbs_mod\client\BBSShaders.java:22: 閿欒: 鎵句笉鍒扮鍙?    private static ShaderProgr
am pickerBillboard;
                   ^
  绗﹀彿:   绫?ShaderProgram
  浣嶇疆: 绫?BBSShaders
D:\DEV\bbs_clean\src\client\java\mchorse\bbs_mod\client\BBSShaders.java:23: 閿欒: 鎵句笉鍒扮鍙?    private static ShaderProgr
am pickerBillboardNoShading;
                   ^
  绗﹀彿:   绫?ShaderProgram
  浣嶇疆: 绫?BBSShaders
D:\DEV\bbs_clean\src\client\java\mchorse\bbs_mod\client\BBSShaders.java:24: 閿欒: 鎵句笉鍒扮鍙?    private static ShaderProgr
am pickerParticles;
                   ^
  绗﹀彿:   绫?ShaderProgram
  浣嶇疆: 绫?BBSShaders
D:\DEV\bbs_clean\src\client\java\mchorse\bbs_mod\client\BBSShaders.java:25: 閿欒: 鎵句笉鍒扮鍙?    private static ShaderProgr
am pickerModels;
                   ^
  绗﹀彿:   绫?ShaderProgram
  浣嶇疆: 绫?BBSShaders
D:\DEV\bbs_clean\src\client\java\mchorse\bbs_mod\client\BBSShaders.java:64: 閿欒: 鎵句笉鍒扮鍙?    public static ShaderProgra
m getModel()
                  ^
  绗﹀彿:   绫?ShaderProgram
  浣嶇疆: 绫?BBSShaders
D:\DEV\bbs_clean\src\client\java\mchorse\bbs_mod\client\BBSShaders.java:69: 閿欒: 鎵句笉鍒扮鍙?    public static ShaderProgra
m getMultilinkProgram()
                  ^
  绗﹀彿:   绫?ShaderProgram
  浣嶇疆: 绫?BBSShaders
D:\DEV\bbs_clean\src\client\java\mchorse\bbs_mod\client\BBSShaders.java:74: 閿欒: 鎵句笉鍒扮鍙?    public static ShaderProgra
m getSubtitlesProgram()
                  ^
  绗﹀彿:   绫?ShaderProgram
  浣嶇疆: 绫?BBSShaders
D:\DEV\bbs_clean\src\client\java\mchorse\bbs_mod\client\BBSShaders.java:79: 閿欒: 鎵句笉鍒扮鍙?    public static ShaderProgra
m getPickerPreviewProgram()
                  ^
  绗﹀彿:   绫?ShaderProgram
  浣嶇疆: 绫?BBSShaders
D:\DEV\bbs_clean\src\client\java\mchorse\bbs_mod\client\BBSShaders.java:84: 閿欒: 鎵句笉鍒扮鍙?    public static ShaderProgra
m getPickerBillboardProgram()
                  ^
  绗﹀彿:   绫?ShaderProgram
  浣嶇疆: 绫?BBSShaders
D:\DEV\bbs_clean\src\client\java\mchorse\bbs_mod\client\BBSShaders.java:89: 閿欒: 鎵句笉鍒扮鍙?    public static ShaderProgra
m getPickerBillboardNoShadingProgram()
                  ^
  绗﹀彿:   绫?ShaderProgram
  浣嶇疆: 绫?BBSShaders
D:\DEV\bbs_clean\src\client\java\mchorse\bbs_mod\client\BBSShaders.java:94: 閿欒: 鎵句笉鍒扮鍙?    public static ShaderProgra
m getPickerParticlesProgram()
                  ^
  绗﹀彿:   绫?ShaderProgram
  浣嶇疆: 绫?BBSShaders
D:\DEV\bbs_clean\src\client\java\mchorse\bbs_mod\client\BBSShaders.java:99: 閿欒: 鎵句笉鍒扮鍙?    public static ShaderProgra
m getPickerModelsProgram()
                  ^
  绗﹀彿:   绫?ShaderProgram
  浣嶇疆: 绫?BBSShaders
D:\DEV\bbs_clean\src\client\java\mchorse\bbs_mod\cubic\render\vanilla\ArmorRenderer.java:18: 閿欒: 鎵句笉鍒扮鍙?import net.mi
necraft.world.item.ArmorItem;
                               ^
  绗﹀彿:   绫?ArmorItem
  浣嶇疆: 绋嬪簭鍖?net.minecraft.world.item
D:\DEV\bbs_clean\src\client\java\mchorse\bbs_mod\client\renderer\entity\ActorEntityRenderer.java:46: 閿欒: 鎵句笉鍒扮鍙?    p
ublic void render(ActorEntity livingEntity, float yaw, float tickDelta, PoseStack matrices, VertexConsumer vertexConsum
ers, int light)
                                                                                                 ^
  绗﹀彿:   绫?VertexConsumer
  浣嶇疆: 绫?ActorEntityRenderer
D:\DEV\bbs_clean\src\client\java\mchorse\bbs_mod\cubic\render\vanilla\ArmorRenderer.java:33: 閿欒: 鎵句笉鍒扮鍙?    private f
inal TextureAtlasSpriteAtlasTexture armorTrimsAtlas;
                  ^
  绗﹀彿:   绫?TextureAtlasSpriteAtlasTexture
  浣嶇疆: 绫?ArmorRenderer
D:\DEV\bbs_clean\src\client\java\mchorse\bbs_mod\cubic\render\vanilla\ArmorRenderer.java:116: 閿欒: 鎵句笉鍒扮鍙?    private 
void renderArmorParts(ModelPart part, PoseStack matrices, VertexConsumer vertexConsumers, int light, ArmorItem item, bo
olean secondTextureLayer, float red, float green, float blue, String overlay)
                                                                                                                 ^
  绗﹀彿:   绫?ArmorItem
  浣嶇疆: 绫?ArmorRenderer
D:\DEV\bbs_clean\src\client\java\mchorse\bbs_mod\cubic\render\vanilla\ArmorRenderer.java:123: 閿欒: 鎵句笉鍒扮鍙?    private 
void renderTrim(ModelPart part, ArmorMaterials material, PoseStack matrices, VertexConsumer vertexConsumers, int light,
 ArmorTrim trim, boolean leggings)
                                            ^
  绗﹀彿:   绫?ArmorMaterials
  浣嶇疆: 绫?ArmorRenderer
D:\DEV\bbs_clean\src\client\java\mchorse\bbs_mod\cubic\render\vanilla\ArmorRenderer.java:123: 閿欒: 鎵句笉鍒扮鍙?    private 
void renderTrim(ModelPart part, ArmorMaterials material, PoseStack matrices, VertexConsumer vertexConsumers, int light,
 ArmorTrim trim, boolean leggings)
                                                                                                                       
             ^
  绗﹀彿:   绫?ArmorTrim
  浣嶇疆: 绫?ArmorRenderer
D:\DEV\bbs_clean\src\client\java\mchorse\bbs_mod\cubic\render\vanilla\ArmorRenderer.java:146: 閿欒: 鎵句笉鍒扮鍙?    private 
Identifier getArmorTexture(ArmorItem item, boolean secondLayer, String overlay)
                                       ^
  绗﹀彿:   绫?ArmorItem
  浣嶇疆: 绫?ArmorRenderer
D:\DEV\bbs_clean\src\client\java\mchorse\bbs_mod\client\renderer\entity\GunProjectileEntityRenderer.java:35: 閿欒: 鎵句笉鍒扮
鍙?    public void render(GunProjectileEntity projectile, float yaw, float tickDelta, PoseStack matrices, VertexConsume
r vertexConsumers, int light)
                                                                                                       ^
  绗﹀彿:   绫?VertexConsumer
  浣嶇疆: 绫?GunProjectileEntityRenderer
D:\DEV\bbs_clean\src\client\java\mchorse\bbs_mod\client\renderer\ModelBlockEntityRenderer.java:45: 閿欒: 鎵句笉鍒扮鍙?    pub
lic static void renderShadow(VertexConsumer provider, PoseStack matrices, float tickDelta, double x, double y, double z
, float tx, float ty, float tz)
                                    ^
  绗﹀彿:   绫?VertexConsumer
  浣嶇疆: 绫?ModelBlockEntityRenderer
D:\DEV\bbs_clean\src\client\java\mchorse\bbs_mod\client\renderer\ModelBlockEntityRenderer.java:50: 閿欒: 鎵句笉鍒扮鍙?    pub
lic static void renderShadow(VertexConsumer provider, PoseStack matrices, float tickDelta, double x, double y, double z
, float tx, float ty, float tz, float radius, float opacity)
                                    ^
  绗﹀彿:   绫?VertexConsumer
  浣嶇疆: 绫?ModelBlockEntityRenderer
D:\DEV\bbs_clean\src\client\java\mchorse\bbs_mod\client\renderer\ModelBlockEntityRenderer.java:106: 閿欒: 鎵句笉鍒扮鍙?    pu
blic void render(ModelBlockEntity entity, float tickDelta, PoseStack matrices, VertexConsumer vertexConsumers, int ligh
t, int overlay)
                                                                                     ^
  绗﹀彿:   绫?VertexConsumer
  浣嶇疆: 绫?ModelBlockEntityRenderer
D:\DEV\bbs_clean\src\client\java\mchorse\bbs_mod\client\renderer\MorphRenderer.java:30: 閿欒: 鎵句笉鍒扮鍙?    public static 
boolean renderPlayer(AbstractClientPlayer player, float f, float g, PoseStack matrixStack, VertexConsumer vertexConsume
rProvider, int i)
                                                                                                             ^
  绗﹀彿:   绫?VertexConsumer
  浣嶇疆: 绫?MorphRenderer
D:\DEV\bbs_clean\src\client\java\mchorse\bbs_mod\client\renderer\MorphRenderer.java:86: 閿欒: 鎵句笉鍒扮鍙?    public static 
boolean renderLivingEntity(LivingEntity livingEntity, float f, float g, PoseStack matrixStack, VertexConsumer vertexCon
sumerProvider, int i, int o)
                                                                                                                 ^
  绗﹀彿:   绫?VertexConsumer
  浣嶇疆: 绫?MorphRenderer
D:\DEV\bbs_clean\src\client\java\mchorse\bbs_mod\cubic\render\vao\BOBJModelVAO.java:214: 閿欒: 鎵句笉鍒扮鍙?    public void r
ender(ShaderProgram shader, PoseStack stack, float r, float g, float b, float a, StencilMap stencilMap, int light, int 
overlay)
                       ^
  绗﹀彿:   绫?ShaderProgram
  浣嶇疆: 绫?BOBJModelVAO
D:\DEV\bbs_clean\src\client\java\mchorse\bbs_mod\cubic\render\CubicVAORenderer.java:20: 閿欒: 鎵句笉鍒扮鍙?    private Shader
Program program;
            ^
  绗﹀彿:   绫?ShaderProgram
  浣嶇疆: 绫?CubicVAORenderer
D:\DEV\bbs_clean\src\client\java\mchorse\bbs_mod\cubic\render\CubicVAORenderer.java:23: 閿欒: 鎵句笉鍒扮鍙?    public CubicVA
ORenderer(ShaderProgram program, ModelInstance model, int light, int overlay, StencilMap stencilMap, ShapeKeys shapeKey
s)
                            ^
  绗﹀彿:   绫?ShaderProgram
  浣嶇疆: 绫?CubicVAORenderer
D:\DEV\bbs_clean\src\client\java\mchorse\bbs_mod\cubic\render\vao\ModelVAORenderer.java:13: 閿欒: 鎵句笉鍒扮鍙?    public sta
tic void render(ShaderProgram shader, IModelVAO modelVAO, PoseStack stack, float r, float g, float b, float a, int ligh
t, int overlay)
                              ^
  绗﹀彿:   绫?ShaderProgram
  浣嶇疆: 绫?ModelVAORenderer
D:\DEV\bbs_clean\src\client\java\mchorse\bbs_mod\cubic\render\vao\ModelVAORenderer.java:28: 閿欒: 鎵句笉鍒扮鍙?    public sta
tic void setupUniforms(PoseStack stack, ShaderProgram shader)
                                                      ^
  绗﹀彿:   绫?ShaderProgram
  浣嶇疆: 绫?ModelVAORenderer
D:\DEV\bbs_clean\src\client\java\mchorse\bbs_mod\film\FirstPersonFilmController.java:15: 閿欒: 鎵句笉鍒扮鍙?    protected voi
d renderEntity(LevelRenderContext context, Replay replay, IEntity entity)
                                ^
  绗﹀彿:   绫?LevelRenderContext
  浣嶇疆: 绫?FirstPersonFilmController
D:\DEV\bbs_clean\src\client\java\mchorse\bbs_mod\forms\CustomVertexConsumerProvider.java:15: 閿欒: 鎵句笉鍒扮鍙?public class 
CustomVertexConsumer extends VertexConsumer.Immediate
                                                        ^
  绗﹀彿:   绫?Immediate
  浣嶇疆: 鎺ュ彛 VertexConsumer
D:\DEV\bbs_clean\src\client\java\mchorse\bbs_mod\forms\CustomVertexConsumerProvider.java:17: 閿欒: 鎵句笉鍒扮鍙?    private s
tatic Consumer<RenderTypes> runnables;
                            ^
  绗﹀彿:   绫?RenderTypes
  浣嶇疆: 绫?CustomVertexConsumer
D:\DEV\bbs_clean\src\client\java\mchorse\bbs_mod\forms\CustomVertexConsumerProvider.java:22: 閿欒: 鎵句笉鍒扮鍙?    public st
atic void drawLayer(RenderTypes layer)
                                 ^
  绗﹀彿:   绫?RenderTypes
  浣嶇疆: 绫?CustomVertexConsumer
D:\DEV\bbs_clean\src\client\java\mchorse\bbs_mod\forms\CustomVertexConsumerProvider.java:30: 閿欒: 鎵句笉鍒扮鍙?    public st
atic void hijackVertexFormat(Consumer<RenderTypes> runnable)
                                                   ^
  绗﹀彿:   绫?RenderTypes
  浣嶇疆: 绫?CustomVertexConsumer
D:\DEV\bbs_clean\src\client\java\mchorse\bbs_mod\forms\CustomVertexConsumerProvider.java:40: 閿欒: 鎵句笉鍒扮鍙?    public Cu
stomVertexConsumer(BufferBuilder fallback, Map<RenderTypes, BufferBuilder> layers)
                                                            ^
  绗﹀彿:   绫?RenderTypes
  浣嶇疆: 绫?CustomVertexConsumer
D:\DEV\bbs_clean\src\client\java\mchorse\bbs_mod\forms\CustomVertexConsumerProvider.java:61: 閿欒: 鎵句笉鍒扮鍙?    public Ve
rtexConsumer getBuffer(RenderTypes renderLayer)
                                    ^
  绗﹀彿:   绫?RenderTypes
  浣嶇疆: 绫?CustomVertexConsumer
D:\DEV\bbs_clean\src\client\java\mchorse\bbs_mod\forms\FormUtilsClient.java:93: 閿欒: 鎵句笉鍒扮鍙?    private static void as
signBufferBuilder(Object2ObjectLinkedOpenHashMap<RenderTypes, BufferBuilder> builderStorage, RenderTypes layer)
                                                                           ^
  绗﹀彿:   绫?RenderTypes
  浣嶇疆: 绫?FormUtilsClient
D:\DEV\bbs_clean\src\client\java\mchorse\bbs_mod\forms\FormUtilsClient.java:93: 閿欒: 鎵句笉鍒扮鍙?    private static void as
signBufferBuilder(Object2ObjectLinkedOpenHashMap<RenderTypes, BufferBuilder> builderStorage, RenderTypes layer)
                                                                                                                       
^
  绗﹀彿:   绫?RenderTypes
  浣嶇疆: 绫?FormUtilsClient
D:\DEV\bbs_clean\src\client\java\mchorse\bbs_mod\forms\renderers\FormRenderer.java:173: 閿欒: 鎵句笉鍒扮鍙?    protected Supp
lier<ShaderProgram> getShader(FormRenderingContext context, Supplier<ShaderProgram> normal, Supplier<ShaderProgram> pic
king)
                                                                                       ^
  绗﹀彿:   绫?ShaderProgram
  浣嶇疆: 绫?FormRenderer<T>
  鍏朵腑, T鏄被鍨嬪彉閲?
    T鎵╁睍宸插湪绫?FormRenderer涓０鏄庣殑Form
D:\DEV\bbs_clean\src\client\java\mchorse\bbs_mod\forms\renderers\FormRenderer.java:173: 閿欒: 鎵句笉鍒扮鍙?    protected Supp
lier<ShaderProgram> getShader(FormRenderingContext context, Supplier<ShaderProgram> normal, Supplier<ShaderProgram> pic
king)
                                                                                                                       
^
  绗﹀彿:   绫?ShaderProgram
  浣嶇疆: 绫?FormRenderer<T>
  鍏朵腑, T鏄被鍨嬪彉閲?
    T鎵╁睍宸插湪绫?FormRenderer涓０鏄庣殑Form
D:\DEV\bbs_clean\src\client\java\mchorse\bbs_mod\forms\renderers\FormRenderer.java:173: 閿欒: 鎵句笉鍒扮鍙?    protected Supp
lier<ShaderProgram> getShader(FormRenderingContext context, Supplier<ShaderProgram> normal, Supplier<ShaderProgram> pic
king)
                       ^
  绗﹀彿:   绫?ShaderProgram
  浣嶇疆: 绫?FormRenderer<T>
  鍏朵腑, T鏄被鍨嬪彉閲?
    T鎵╁睍宸插湪绫?FormRenderer涓０鏄庣殑Form
D:\DEV\bbs_clean\src\client\java\mchorse\bbs_mod\forms\renderers\FormRenderer.java:185: 閿欒: 鎵句笉鍒扮鍙?    protected void
 setupTarget(FormRenderingContext context, ShaderProgram program)
                                                             ^
  绗﹀彿:   绫?ShaderProgram
  浣嶇疆: 绫?FormRenderer<T>
  鍏朵腑, T鏄被鍨嬪彉閲?
    T鎵╁睍宸插湪绫?FormRenderer涓０鏄庣殑Form
D:\DEV\bbs_clean\src\client\java\mchorse\bbs_mod\forms\renderers\BillboardFormRenderer.java:93: 閿欒: 鎵句笉鍒扮鍙?    privat
e void renderModel(VertexFormat format, Supplier<ShaderProgram> shader, PoseStack matrices, int overlay, int light, int
 overlayColor, float transition)
                                                           ^
  绗﹀彿:   绫?ShaderProgram
  浣嶇疆: 绫?BillboardFormRenderer
D:\DEV\bbs_clean\src\client\java\mchorse\bbs_mod\forms\renderers\BillboardFormRenderer.java:169: 閿欒: 鎵句笉鍒扮鍙?    priva
te void renderQuad(VertexFormat format, Texture texture, Supplier<ShaderProgram> shader, PoseStack matrices, int overla
y, int light, int overlayColor, float transition)
                                                                           ^
  绗﹀彿:   绫?ShaderProgram
  浣嶇疆: 绫?BillboardFormRenderer
D:\DEV\bbs_clean\src\client\java\mchorse\bbs_mod\forms\renderers\ExtrudedFormRenderer.java:86: 閿欒: 鎵句笉鍒扮鍙?    private
 void renderModel(Supplier<ShaderProgram> shader, PoseStack matrices, int overlay, int light, int overlayColor, float t
ransition)
                                      ^
  绗﹀彿:   绫?ShaderProgram
  浣嶇疆: 绫?ExtrudedFormRenderer
D:\DEV\bbs_clean\src\client\java\mchorse\bbs_mod\forms\renderers\FramebufferFormRenderer.java:134: 閿欒: 鎵句笉鍒扮鍙?    pri
vate void renderModel(Texture texture, VertexFormat format, Supplier<ShaderProgram> shader, PoseStack matrices, int ove
rlay, int light, int overlayColor, float transition)
                                                                            ^
  绗﹀彿:   绫?ShaderProgram
  浣嶇疆: 绫?FramebufferFormRenderer
D:\DEV\bbs_clean\src\client\java\mchorse\bbs_mod\forms\renderers\FramebufferFormRenderer.java:167: 閿欒: 鎵句笉鍒扮鍙?    pri
vate void renderQuad(VertexFormat format, Texture texture, Supplier<ShaderProgram> shader, PoseStack matrices, int over
lay, int light, int overlayColor, float transition)
                                                                           ^
  绗﹀彿:   绫?ShaderProgram
  浣嶇疆: 绫?FramebufferFormRenderer
D:\DEV\bbs_clean\src\client\java\mchorse\bbs_mod\forms\renderers\MobFormRenderer.java:24: 閿欒: 鎵句笉鍒扮鍙?import net.minec
raft.client.player.OtherPlayer;
                                  ^
  绗﹀彿:   绫?OtherPlayer
  浣嶇疆: 绋嬪簭鍖?net.minecraft.client.player
D:\DEV\bbs_clean\src\client\java\mchorse\bbs_mod\forms\renderers\MobFormRenderer.java:55: 閿欒: 瀵筆ose鐨勫紩鐢ㄤ笉鏄庣‘
    private static Pose currentPose;
                   ^
  mchorse.bbs_mod.utils.pose 涓殑绫?mchorse.bbs_mod.utils.pose.Pose 鍜?net.minecraft.world.entity 涓殑鏋氫妇 net.minecraft.wor
ld.entity.Pose 閮藉尮閰?
D:\DEV\bbs_clean\src\client\java\mchorse\bbs_mod\forms\renderers\MobFormRenderer.java:56: 閿欒: 瀵筆ose鐨勫紩鐢ㄤ笉鏄庣‘
    private static Pose currentPoseOverlay;
                   ^
  mchorse.bbs_mod.utils.pose 涓殑绫?mchorse.bbs_mod.utils.pose.Pose 鍜?net.minecraft.world.entity 涓殑鏋氫妇 net.minecraft.wor
ld.entity.Pose 閮藉尮閰?
D:\DEV\bbs_clean\src\client\java\mchorse\bbs_mod\forms\renderers\MobFormRenderer.java:71: 閿欒: 瀵筆ose鐨勫紩鐢ㄤ笉鏄庣‘
    public static Pose getCurrentPose()
                  ^
  mchorse.bbs_mod.utils.pose 涓殑绫?mchorse.bbs_mod.utils.pose.Pose 鍜?net.minecraft.world.entity 涓殑鏋氫妇 net.minecraft.wor
ld.entity.Pose 閮藉尮閰?
D:\DEV\bbs_clean\src\client\java\mchorse\bbs_mod\forms\renderers\MobFormRenderer.java:76: 閿欒: 瀵筆ose鐨勫紩鐢ㄤ笉鏄庣‘
    public static Pose getCurrentPoseOverlay()
                  ^
  mchorse.bbs_mod.utils.pose 涓殑绫?mchorse.bbs_mod.utils.pose.Pose 鍜?net.minecraft.world.entity 涓殑鏋氫妇 net.minecraft.wor
ld.entity.Pose 閮藉尮閰?
D:\DEV\bbs_clean\src\client\java\mchorse\bbs_mod\forms\renderers\MobFormRenderer.java:30: 閿欒: Pose鐨?single-type-import
 宸插畾涔夊叿鏈夌浉鍚岀畝鍚嶇殑绫诲瀷
import net.minecraft.world.entity.Pose;
^
D:\DEV\bbs_clean\src\client\java\mchorse\bbs_mod\forms\renderers\ModelFormRenderer.java:278: 閿欒: 鎵句笉鍒扮鍙?    private v
oid renderModel(IEntity target, Supplier<ShaderProgram> program, PoseStack stack, ModelInstance model, int light, int o
verlay, Color color, boolean ui, StencilMap stencilMap, float transition)
                                                      ^
  绗﹀彿:   绫?ShaderProgram
  浣嶇疆: 绫?ModelFormRenderer
D:\DEV\bbs_clean\src\client\java\mchorse\bbs_mod\forms\renderers\utils\RecolorVertexSodiumConsumer.java:6: 閿欒: 鎵句笉鍒扮鍙
?import net.caffeinemc.mods.sodium.api.vertex.format.VertexFormatDescription;
                                                   ^
  绗﹀彿:   绫?VertexFormatDescription
  浣嶇疆: 绋嬪簭鍖?net.caffeinemc.mods.sodium.api.vertex.format
D:\DEV\bbs_clean\src\client\java\mchorse\bbs_mod\forms\renderers\utils\RecolorVertexSodiumConsumer.java:20: 閿欒: 鎵句笉鍒扮
鍙?    public void push(MemoryStack memoryStack, long l, int i, VertexFormatDescription vertexFormatDescription)
                                                             ^
  绗﹀彿:   绫?VertexFormatDescription
  浣嶇疆: 绫?RecolorVertexSodiumConsumer
D:\DEV\bbs_clean\src\client\java\mchorse\bbs_mod\mixin\client\EntityRenderDispatcherMixin.java:28: 閿欒: 鎵句笉鍒扮鍙?       
 PoseStack matrices, VertexConsumer vcp, int light,
                            ^
  绗﹀彿:   绫?VertexConsumer
  浣嶇疆: 绫?EntityRenderDispatcherMixin
D:\DEV\bbs_clean\src\client\java\mchorse\bbs_mod\mixin\client\EntityRendererDispatcherInvoker.java:15: 閿欒: 鎵句笉鍒扮鍙?   
 public static void bbs$renderShadow(PoseStack matrices, VertexConsumer vertexConsumers, Entity entity, float opacity, 
float tickDelta, LevelReader world, float radius)
                                                            ^
  绗﹀彿:   绫?VertexConsumer
  浣嶇疆: 鎺ュ彛 EntityRendererDispatcherInvoker
D:\DEV\bbs_clean\src\client\java\mchorse\bbs_mod\mixin\client\iris\EntityVertexMixin.java:5: 閿欒: 绋嬪簭鍖卬et.irisshaders.i
ris.compat.sodium.impl.vertex_format.entity_xhfp涓嶅瓨鍦?import net.irisshaders.iris.compat.sodium.impl.vertex_format.entit
y_xhfp.EntityVertex;
                                                                        ^
D:\DEV\bbs_clean\src\client\java\mchorse\bbs_mod\utils\VideoRecorder.java:156: 璀﹀憡: Unsafe鏄唴閮ㄤ笓鐢?API, 鍙兘浼氬湪鏈潵鍙戣鐗堜腑鍒
犻櫎
            Unsafe unsafe = UnsafeUtils.getUnsafe();
            ^
D:\DEV\bbs_clean\src\client\java\mchorse\bbs_mod\utils\VideoRecorder.java:164: 璀﹀憡: [removal] Unsafe 涓殑 objectFieldOff
set(Field) 宸茶繃鏃? 涓旀爣璁颁负寰呭垹闄?                    os = (OutputStream) unsafe.getObject(os, unsafe.objectFieldOffset(outFi
eld));
                                                                   ^
D:\DEV\bbs_clean\src\client\java\mchorse\bbs_mod\utils\VideoRecorder.java:164: 璀﹀憡: [removal] Unsafe 涓殑 getObject(Obje
ct,long) 宸茶繃鏃? 涓旀爣璁颁负寰呭垹闄?                    os = (OutputStream) unsafe.getObject(os, unsafe.objectFieldOffset(outFiel
d));
                                              ^
娉? D:\DEV\bbs_clean\src\client\java\mchorse\bbs_mod\BBSModClient.java浣跨敤鎴栬鐩栦簡宸茶繃鏃剁殑 API銆?
娉? 鏈夊叧璇︾粏淇℃伅, 璇蜂娇鐢?-Xlint:deprecation 閲嶆柊缂栬瘧銆?
娉? 鏌愪簺杈撳叆鏂囦欢浣跨敤浜嗘湭缁忔鏌ユ垨涓嶅畨鍏ㄧ殑鎿嶄綔銆?
娉? 鏈夊叧璇︾粏淇℃伅, 璇蜂娇鐢?-Xlint:unchecked 閲嶆柊缂栬瘧銆?
娉? 鏌愪簺娑堟伅宸茬粡杩囩畝鍖? 璇蜂娇鐢?-Xdiags:verbose 閲嶆柊缂栬瘧浠ヨ幏寰楀畬鏁磋緭鍑?
100 涓敊璇?
4 涓鍛?

> Task :compileClientJava FAILED

[Incubating] Problems report is available at: file:///D:/DEV/bbs_clean/build/reports/problems/problems-report.html

FAILURE: Build failed with an exception.

* What went wrong:
Execution failed for task ':compileClientJava' (registered by plugin class 'org.gradle.api.plugins.JavaBasePlugin').
> Compilation failed; see the compiler output below.
  娉? D:\DEV\bbs_clean\src\client\java\mchorse\bbs_mod\BBSModClient.java浣跨敤鎴栬鐩栦簡宸茶繃鏃剁殑 API銆?
  D:\DEV\bbs_clean\src\client\java\mchorse\bbs_mod\forms\renderers\MobFormRenderer.java:30: 閿欒: Pose鐨?single-type-impo
rt 宸插畾涔夊叿鏈夌浉鍚岀畝鍚嶇殑绫诲瀷
  import net.minecraft.world.entity.Pose;
  ^
  D:\DEV\bbs_clean\src\client\java\mchorse\bbs_mod\forms\renderers\MobFormRenderer.java:55: 閿欒: 瀵筆ose鐨勫紩鐢ㄤ笉鏄庣‘
      private static Pose currentPose;
                     ^
    mchorse.bbs_mod.utils.pose 涓殑绫?mchorse.bbs_mod.utils.pose.Pose 鍜?net.minecraft.world.entity 涓殑鏋氫妇 net.minecraft.w
orld.entity.Pose 閮藉尮閰?
  D:\DEV\bbs_clean\src\client\java\mchorse\bbs_mod\forms\renderers\MobFormRenderer.java:56: 閿欒: 瀵筆ose鐨勫紩鐢ㄤ笉鏄庣‘
      private static Pose currentPoseOverlay;
                     ^
    mchorse.bbs_mod.utils.pose 涓殑绫?mchorse.bbs_mod.utils.pose.Pose 鍜?net.minecraft.world.entity 涓殑鏋氫妇 net.minecraft.w
orld.entity.Pose 閮藉尮閰?
  D:\DEV\bbs_clean\src\client\java\mchorse\bbs_mod\forms\renderers\MobFormRenderer.java:71: 閿欒: 瀵筆ose鐨勫紩鐢ㄤ笉鏄庣‘
      public static Pose getCurrentPose()
                    ^
    mchorse.bbs_mod.utils.pose 涓殑绫?mchorse.bbs_mod.utils.pose.Pose 鍜?net.minecraft.world.entity 涓殑鏋氫妇 net.minecraft.w
orld.entity.Pose 閮藉尮閰?
  D:\DEV\bbs_clean\src\client\java\mchorse\bbs_mod\forms\renderers\MobFormRenderer.java:76: 閿欒: 瀵筆ose鐨勫紩鐢ㄤ笉鏄庣‘
      public static Pose getCurrentPoseOverlay()
                    ^
    mchorse.bbs_mod.utils.pose 涓殑绫?mchorse.bbs_mod.utils.pose.Pose 鍜?net.minecraft.world.entity 涓殑鏋氫妇 net.minecraft.w
orld.entity.Pose 閮藉尮閰?
  D:\DEV\bbs_clean\src\client\java\mchorse\bbs_mod\utils\VideoRecorder.java:9: 璀﹀憡: Unsafe鏄唴閮ㄤ笓鐢?API, 鍙兘浼氬湪鏈潵鍙戣鐗堜腑鍒
犻櫎
  import sun.misc.Unsafe;
                 ^
  D:\DEV\bbs_clean\src\client\java\mchorse\bbs_mod\utils\VideoRecorder.java:156: 璀﹀憡: Unsafe鏄唴閮ㄤ笓鐢?API, 鍙兘浼氬湪鏈潵鍙戣鐗堜
腑鍒犻櫎
              Unsafe unsafe = UnsafeUtils.getUnsafe();
              ^
  娉? 鏈夊叧璇︾粏淇℃伅, 璇蜂娇鐢?-Xlint:deprecation 閲嶆柊缂栬瘧銆?
  D:\DEV\bbs_clean\src\client\java\mchorse\bbs_mod\ui\framework\elements\utils\Batcher2D.java:384: 閿欒: 鎵句笉鍒扮鍙?      p
ublic void texturedBox(Supplier<ShaderProgram> shader, int texture, int color, float x, float y, float w, float h, floa
t u1, float v1, float u2, float v2, int textureW, int textureH)
                                       ^
    绗﹀彿:   绫?ShaderProgram
    浣嶇疆: 绫?Batcher2D
  D:\DEV\bbs_clean\src\client\java\mchorse\bbs_mod\ui\framework\UIBaseMenu.java:255: 閿欒: 鎵句笉鍒扮鍙?      public void ren
derInWorld(LevelRenderContext context)
                                ^
    绗﹀彿:   绫?LevelRenderContext
    浣嶇疆: 绫?UIBaseMenu
  D:\DEV\bbs_clean\src\client\java\mchorse\bbs_mod\film\Films.java:267: 閿欒: 鎵句笉鍒扮鍙?      public void render(LevelRend
erContext context)
                         ^
    绗﹀彿:   绫?LevelRenderContext
    浣嶇疆: 绫?Films
  D:\DEV\bbs_clean\src\client\java\mchorse\bbs_mod\film\Recorder.java:160: 閿欒: 鎵句笉鍒扮鍙?      public void render(LevelR
enderContext context)
                         ^
    绗﹀彿:   绫?LevelRenderContext
    浣嶇疆: 绫?Recorder
  D:\DEV\bbs_clean\src\client\java\mchorse\bbs_mod\film\WorldFilmController.java:62: 閿欒: 鎵句笉鍒扮鍙?      public void ren
der(LevelRenderContext context)
                         ^
    绗﹀彿:   绫?LevelRenderContext
    浣嶇疆: 绫?WorldFilmController
  D:\DEV\bbs_clean\src\client\java\mchorse\bbs_mod\film\BaseFilmController.java:316: 閿欒: 鎵句笉鍒扮鍙?      private static 
void renderNameTag(IEntity entity, Component text, PoseStack matrices, VertexConsumer vertexConsumers, int light)
                                                                                            ^
    绗﹀彿:   绫?VertexConsumer
    浣嶇疆: 绫?BaseFilmController
  D:\DEV\bbs_clean\src\client\java\mchorse\bbs_mod\film\BaseFilmController.java:624: 閿欒: 鎵句笉鍒扮鍙?      public void ren
der(LevelRenderContext context)
                         ^
    绗﹀彿:   绫?LevelRenderContext
    浣嶇疆: 绫?BaseFilmController
  D:\DEV\bbs_clean\src\client\java\mchorse\bbs_mod\film\BaseFilmController.java:643: 閿欒: 鎵句笉鍒扮鍙?      protected void 
renderEntity(LevelRenderContext context, Replay replay, IEntity entity)
                                  ^
    绗﹀彿:   绫?LevelRenderContext
    浣嶇疆: 绫?BaseFilmController
  D:\DEV\bbs_clean\src\client\java\mchorse\bbs_mod\film\BaseFilmController.java:655: 閿欒: 鎵句笉鍒扮鍙?      protected FilmC
ontrollerContext getFilmControllerContext(LevelRenderContext context, Replay replay, IEntity entity)
                                                               ^
    绗﹀彿:   绫?LevelRenderContext
    浣嶇疆: 绫?BaseFilmController
  D:\DEV\bbs_clean\src\client\java\mchorse\bbs_mod\film\FilmControllerContext.java:22: 閿欒: 鎵句笉鍒扮鍙?      public Vertex
Consumer consumers;
             ^
    绗﹀彿:   绫?VertexConsumer
    浣嶇疆: 绫?FilmControllerContext
  D:\DEV\bbs_clean\src\client\java\mchorse\bbs_mod\film\FilmControllerContext.java:52: 閿欒: 鎵句笉鍒扮鍙?      public FilmCo
ntrollerContext setup(IntObjectMap<IEntity> entities, IEntity entity, Replay replay, LevelRenderContext context)
                                                                                                        ^
    绗﹀彿:   绫?LevelRenderContext
    浣嶇疆: 绫?FilmControllerContext
  D:\DEV\bbs_clean\src\client\java\mchorse\bbs_mod\film\FilmControllerContext.java:67: 閿欒: 鎵句笉鍒扮鍙?      public FilmCo
ntrollerContext setup(IntObjectMap<IEntity> entities, IEntity entity, Replay replay, Camera camera, PoseStack stack, Ve
rtexConsumer consumers, float transition)
                                                                                                                       
                 ^
    绗﹀彿:   绫?VertexConsumer
    浣嶇疆: 绫?FilmControllerContext
  D:\DEV\bbs_clean\src\client\java\mchorse\bbs_mod\client\renderer\item\GunItemRenderer.java:52: 閿欒: 鎵句笉鍒扮鍙?      pub
lic void render(ItemStack stack, ItemDisplayContext mode, PoseStack matrices, VertexConsumer vertexConsumers, int light
, int overlay)
                                                                                       ^
    绗﹀彿:   绫?VertexConsumer
    浣嶇疆: 绫?GunItemRenderer
  D:\DEV\bbs_clean\src\client\java\mchorse\bbs_mod\client\renderer\item\ModelBlockItemRenderer.java:52: 閿欒: 鎵句笉鍒扮鍙?  
    public void render(ItemStack stack, ItemDisplayContext mode, PoseStack matrices, VertexConsumer vertexConsumers, in
t light, int overlay)
                                                                                       ^
    绗﹀彿:   绫?VertexConsumer
    浣嶇疆: 绫?ModelBlockItemRenderer
  D:\DEV\bbs_clean\src\client\java\mchorse\bbs_mod\ui\dashboard\UIDashboard.java:333: 閿欒: 鎵句笉鍒扮鍙?      public void re
nderInWorld(LevelRenderContext context)
                                ^
    绗﹀彿:   绫?LevelRenderContext
    浣嶇疆: 绫?UIDashboard
  D:\DEV\bbs_clean\src\client\java\mchorse\bbs_mod\ui\dashboard\panels\UIDashboardPanel.java:58: 閿欒: 鎵句笉鍒扮鍙?      pub
lic void renderInWorld(LevelRenderContext context)
                                ^
    绗﹀彿:   绫?LevelRenderContext
    浣嶇疆: 绫?UIDashboardPanel
  D:\DEV\bbs_clean\src\client\java\mchorse\bbs_mod\particles\ParticleParser.java:27: 閿欒: 鎵句笉鍒扮鍙?  import mchorse.bbs_
mod.particles.components.shape.ParticleComponentShapeBox;
                                                   ^
    绗﹀彿:   绫?ParticleComponentShapeBox
    浣嶇疆: 绋嬪簭鍖?mchorse.bbs_mod.particles.components.shape
  D:\DEV\bbs_clean\src\client\java\mchorse\bbs_mod\particles\emitter\ParticleEmitter.java:470: 閿欒: 鎵句笉鍒扮鍙?      publi
c void render(VertexFormat format, Supplier<ShaderProgram> program, PoseStack stack, int overlay, float transition)
                                                       ^
    绗﹀彿:   绫?ShaderProgram
    浣嶇疆: 绫?ParticleEmitter
  D:\DEV\bbs_clean\src\client\java\mchorse\bbs_mod\ui\forms\categories\UIFormCategory.java:30: 閿欒: 鎵句笉鍒扮鍙?  import ne
t.minecraft.client.player.PlayerInfo;
                                    ^
    绗﹀彿:   绫?PlayerInfo
    浣嶇疆: 绋嬪簭鍖?net.minecraft.client.player
  D:\DEV\bbs_clean\src\client\java\mchorse\bbs_mod\cubic\ModelInstance.java:327: 閿欒: 鎵句笉鍒扮鍙?      public void render(
PoseStack stack, Supplier<ShaderProgram> program, Color color, int light, int overlay, StencilMap stencilMap, ShapeKeys
 keys)
                                                   ^
    绗﹀彿:   绫?ShaderProgram
    浣嶇疆: 绫?ModelInstance
  D:\DEV\bbs_clean\src\client\java\mchorse\bbs_mod\ui\film\UIFilmPanel.java:1060: 閿欒: 鎵句笉鍒扮鍙?      public void render
InWorld(LevelRenderContext context)
                                ^
    绗﹀彿:   绫?LevelRenderContext
    浣嶇疆: 绫?UIFilmPanel
  D:\DEV\bbs_clean\src\client\java\mchorse\bbs_mod\ui\film\controller\UIFilmController.java:122: 閿欒: 鎵句笉鍒扮鍙?      pri
vate LevelRenderContext worldRenderContext;
              ^
    绗﹀彿:   绫?LevelRenderContext
    浣嶇疆: 绫?UIFilmController
  D:\DEV\bbs_clean\src\client\java\mchorse\bbs_mod\ui\film\controller\UIFilmController.java:1107: 閿欒: 鎵句笉鍒扮鍙?      pu
blic void renderFrame(LevelRenderContext context)
                              ^
    绗﹀彿:   绫?LevelRenderContext
    浣嶇疆: 绫?UIFilmController
  D:\DEV\bbs_clean\src\client\java\mchorse\bbs_mod\ui\film\controller\UIFilmController.java:1164: 閿欒: 鎵句笉鍒扮鍙?      pr
ivate void renderStencil(LevelRenderContext renderContext, UIContext context, boolean altPressed)
                                 ^
    绗﹀彿:   绫?LevelRenderContext
    浣嶇疆: 绫?UIFilmController
  D:\DEV\bbs_clean\src\client\java\mchorse\bbs_mod\ui\film\controller\FilmEditorController.java:137: 閿欒: 鎵句笉鍒扮鍙?     
 protected void renderEntity(LevelRenderContext context, Replay replay, IEntity entity)
                                  ^
    绗﹀彿:   绫?LevelRenderContext
    浣嶇疆: 绫?FilmEditorController
  D:\DEV\bbs_clean\src\client\java\mchorse\bbs_mod\ui\film\controller\FilmEditorController.java:194: 閿欒: 鎵句笉鍒扮鍙?     
 private void renderOnion(Replay replay, int index, int direction, KeyframeChannel<?> pose, int color, int frames, Leve
lRenderContext context, boolean isPlaying, IEntity entity)
                                                                                                                       
 ^
    绗﹀彿:   绫?LevelRenderContext
    浣嶇疆: 绫?FilmEditorController
  D:\DEV\bbs_clean\src\client\java\mchorse\bbs_mod\ui\film\controller\FilmEditorController.java:225: 閿欒: 鎵句笉鍒扮鍙?     
 protected FilmControllerContext getFilmControllerContext(LevelRenderContext context, Replay replay, IEntity entity)
                                                               ^
    绗﹀彿:   绫?LevelRenderContext
    浣嶇疆: 绫?FilmEditorController
  D:\DEV\bbs_clean\src\client\java\mchorse\bbs_mod\client\BBSRendering.java:31: 閿欒: 鎵句笉鍒扮鍙?  import net.fabricmc.fabr
ic.impl.client.rendering.LevelRenderContextImpl;
                                                  ^
    绗﹀彿:   绫?LevelRenderContextImpl
    浣嶇疆: 绋嬪簭鍖?net.fabricmc.fabric.impl.client.rendering
  D:\DEV\bbs_clean\src\client\java\mchorse\bbs_mod\client\BBSRendering.java:72: 閿欒: 鎵句笉鍒扮鍙?      private static Frame
buffer framebuffer;
                     ^
    绗﹀彿:   绫?Framebuffer
    浣嶇疆: 绫?BBSRendering
  D:\DEV\bbs_clean\src\client\java\mchorse\bbs_mod\client\BBSRendering.java:73: 閿欒: 鎵句笉鍒扮鍙?      private static Frame
buffer clientFramebuffer;
                     ^
    绗﹀彿:   绫?Framebuffer
    浣嶇疆: 绫?BBSRendering
  D:\DEV\bbs_clean\src\client\java\mchorse\bbs_mod\client\BBSRendering.java:206: 閿欒: 鎵句笉鍒扮鍙?      public static Frame
buffer getFramebuffer()
                    ^
    绗﹀彿:   绫?Framebuffer
    浣嶇疆: 绫?BBSRendering
  D:\DEV\bbs_clean\src\client\java\mchorse\bbs_mod\client\BBSRendering.java:236: 閿欒: 鎵句笉鍒扮鍙?      public static void 
resizeFramebuffer(Framebuffer framebuffer)
                                           ^
    绗﹀彿:   绫?Framebuffer
    浣嶇疆: 绫?BBSRendering
  D:\DEV\bbs_clean\src\client\java\mchorse\bbs_mod\client\BBSRendering.java:298: 閿欒: 鎵句笉鍒扮鍙?      private static void
 reassignFramebuffer(Framebuffer framebuffer)
                                              ^
    绗﹀彿:   绫?Framebuffer
    浣嶇疆: 绫?BBSRendering
  D:\DEV\bbs_clean\src\client\java\mchorse\bbs_mod\client\BBSRendering.java:413: 閿欒: 鎵句笉鍒扮鍙?      public static void 
renderCoolStuff(LevelRenderContext worldRenderContext)
                                         ^
    绗﹀彿:   绫?LevelRenderContext
    浣嶇疆: 绫?BBSRendering
  D:\DEV\bbs_clean\src\client\java\mchorse\bbs_mod\client\BBSShaders.java:17: 閿欒: 鎵句笉鍒扮鍙?      private static ShaderP
rogram model;
                     ^
    绗﹀彿:   绫?ShaderProgram
    浣嶇疆: 绫?BBSShaders
  D:\DEV\bbs_clean\src\client\java\mchorse\bbs_mod\client\BBSShaders.java:18: 閿欒: 鎵句笉鍒扮鍙?      private static ShaderP
rogram multiLink;
                     ^
    绗﹀彿:   绫?ShaderProgram
    浣嶇疆: 绫?BBSShaders
  D:\DEV\bbs_clean\src\client\java\mchorse\bbs_mod\client\BBSShaders.java:19: 閿欒: 鎵句笉鍒扮鍙?      private static ShaderP
rogram subtitles;
                     ^
    绗﹀彿:   绫?ShaderProgram
    浣嶇疆: 绫?BBSShaders
  D:\DEV\bbs_clean\src\client\java\mchorse\bbs_mod\client\BBSShaders.java:21: 閿欒: 鎵句笉鍒扮鍙?      private static ShaderP
rogram pickerPreview;
                     ^
    绗﹀彿:   绫?ShaderProgram
    浣嶇疆: 绫?BBSShaders
  D:\DEV\bbs_clean\src\client\java\mchorse\bbs_mod\client\BBSShaders.java:22: 閿欒: 鎵句笉鍒扮鍙?      private static ShaderP
rogram pickerBillboard;
                     ^
    绗﹀彿:   绫?ShaderProgram
    浣嶇疆: 绫?BBSShaders
  D:\DEV\bbs_clean\src\client\java\mchorse\bbs_mod\client\BBSShaders.java:23: 閿欒: 鎵句笉鍒扮鍙?      private static ShaderP
rogram pickerBillboardNoShading;
                     ^
    绗﹀彿:   绫?ShaderProgram
    浣嶇疆: 绫?BBSShaders
  D:\DEV\bbs_clean\src\client\java\mchorse\bbs_mod\client\BBSShaders.java:24: 閿欒: 鎵句笉鍒扮鍙?      private static ShaderP
rogram pickerParticles;
                     ^
    绗﹀彿:   绫?ShaderProgram
    浣嶇疆: 绫?BBSShaders
  D:\DEV\bbs_clean\src\client\java\mchorse\bbs_mod\client\BBSShaders.java:25: 閿欒: 鎵句笉鍒扮鍙?      private static ShaderP
rogram pickerModels;
                     ^
    绗﹀彿:   绫?ShaderProgram
    浣嶇疆: 绫?BBSShaders
  D:\DEV\bbs_clean\src\client\java\mchorse\bbs_mod\client\BBSShaders.java:64: 閿欒: 鎵句笉鍒扮鍙?      public static ShaderPr
ogram getModel()
                    ^
    绗﹀彿:   绫?ShaderProgram
    浣嶇疆: 绫?BBSShaders
  D:\DEV\bbs_clean\src\client\java\mchorse\bbs_mod\client\BBSShaders.java:69: 閿欒: 鎵句笉鍒扮鍙?      public static ShaderPr
ogram getMultilinkProgram()
                    ^
    绗﹀彿:   绫?ShaderProgram
    浣嶇疆: 绫?BBSShaders
  D:\DEV\bbs_clean\src\client\java\mchorse\bbs_mod\client\BBSShaders.java:74: 閿欒: 鎵句笉鍒扮鍙?      public static ShaderPr
ogram getSubtitlesProgram()
                    ^
    绗﹀彿:   绫?ShaderProgram
    浣嶇疆: 绫?BBSShaders
  D:\DEV\bbs_clean\src\client\java\mchorse\bbs_mod\client\BBSShaders.java:79: 閿欒: 鎵句笉鍒扮鍙?      public static ShaderPr
ogram getPickerPreviewProgram()
                    ^
    绗﹀彿:   绫?ShaderProgram
    浣嶇疆: 绫?BBSShaders
  D:\DEV\bbs_clean\src\client\java\mchorse\bbs_mod\client\BBSShaders.java:84: 閿欒: 鎵句笉鍒扮鍙?      public static ShaderPr
ogram getPickerBillboardProgram()
                    ^
    绗﹀彿:   绫?ShaderProgram
    浣嶇疆: 绫?BBSShaders
  D:\DEV\bbs_clean\src\client\java\mchorse\bbs_mod\client\BBSShaders.java:89: 閿欒: 鎵句笉鍒扮鍙?      public static ShaderPr
ogram getPickerBillboardNoShadingProgram()
                    ^
    绗﹀彿:   绫?ShaderProgram
    浣嶇疆: 绫?BBSShaders
  D:\DEV\bbs_clean\src\client\java\mchorse\bbs_mod\client\BBSShaders.java:94: 閿欒: 鎵句笉鍒扮鍙?      public static ShaderPr
ogram getPickerParticlesProgram()
                    ^
    绗﹀彿:   绫?ShaderProgram
    浣嶇疆: 绫?BBSShaders
  D:\DEV\bbs_clean\src\client\java\mchorse\bbs_mod\client\BBSShaders.java:99: 閿欒: 鎵句笉鍒扮鍙?      public static ShaderPr
ogram getPickerModelsProgram()
                    ^
    绗﹀彿:   绫?ShaderProgram
    浣嶇疆: 绫?BBSShaders
  D:\DEV\bbs_clean\src\client\java\mchorse\bbs_mod\cubic\render\vanilla\ArmorRenderer.java:18: 閿欒: 鎵句笉鍒扮鍙?  import ne
t.minecraft.world.item.ArmorItem;
                                 ^
    绗﹀彿:   绫?ArmorItem
    浣嶇疆: 绋嬪簭鍖?net.minecraft.world.item
  D:\DEV\bbs_clean\src\client\java\mchorse\bbs_mod\client\renderer\entity\ActorEntityRenderer.java:46: 閿欒: 鎵句笉鍒扮鍙?   
   public void render(ActorEntity livingEntity, float yaw, float tickDelta, PoseStack matrices, VertexConsumer vertexCo
nsumers, int light)
                                                                                                   ^
    绗﹀彿:   绫?VertexConsumer
    浣嶇疆: 绫?ActorEntityRenderer
  D:\DEV\bbs_clean\src\client\java\mchorse\bbs_mod\cubic\render\vanilla\ArmorRenderer.java:33: 閿欒: 鎵句笉鍒扮鍙?      priva
te final TextureAtlasSpriteAtlasTexture armorTrimsAtlas;
                    ^
    绗﹀彿:   绫?TextureAtlasSpriteAtlasTexture
    浣嶇疆: 绫?ArmorRenderer
  D:\DEV\bbs_clean\src\client\java\mchorse\bbs_mod\cubic\render\vanilla\ArmorRenderer.java:116: 閿欒: 鎵句笉鍒扮鍙?      priv
ate void renderArmorParts(ModelPart part, PoseStack matrices, VertexConsumer vertexConsumers, int light, ArmorItem item
, boolean secondTextureLayer, float red, float green, float blue, String overlay)
                                                                                                                   ^
    绗﹀彿:   绫?ArmorItem
    浣嶇疆: 绫?ArmorRenderer
  D:\DEV\bbs_clean\src\client\java\mchorse\bbs_mod\cubic\render\vanilla\ArmorRenderer.java:123: 閿欒: 鎵句笉鍒扮鍙?      priv
ate void renderTrim(ModelPart part, ArmorMaterials material, PoseStack matrices, VertexConsumer vertexConsumers, int li
ght, ArmorTrim trim, boolean leggings)
                                              ^
    绗﹀彿:   绫?ArmorMaterials
    浣嶇疆: 绫?ArmorRenderer
  D:\DEV\bbs_clean\src\client\java\mchorse\bbs_mod\cubic\render\vanilla\ArmorRenderer.java:123: 閿欒: 鎵句笉鍒扮鍙?      priv
ate void renderTrim(ModelPart part, ArmorMaterials material, PoseStack matrices, VertexConsumer vertexConsumers, int li
ght, ArmorTrim trim, boolean leggings)
                                                                                                                       
               ^
    绗﹀彿:   绫?ArmorTrim
    浣嶇疆: 绫?ArmorRenderer
  D:\DEV\bbs_clean\src\client\java\mchorse\bbs_mod\cubic\render\vanilla\ArmorRenderer.java:146: 閿欒: 鎵句笉鍒扮鍙?      priv
ate Identifier getArmorTexture(ArmorItem item, boolean secondLayer, String overlay)
                                         ^
    绗﹀彿:   绫?ArmorItem
    浣嶇疆: 绫?ArmorRenderer
  D:\DEV\bbs_clean\src\client\java\mchorse\bbs_mod\client\renderer\entity\GunProjectileEntityRenderer.java:35: 閿欒: 鎵句笉
鍒扮鍙?      public void render(GunProjectileEntity projectile, float yaw, float tickDelta, PoseStack matrices, VertexCon
sumer vertexConsumers, int light)
                                                                                                         ^
    绗﹀彿:   绫?VertexConsumer
    浣嶇疆: 绫?GunProjectileEntityRenderer
  D:\DEV\bbs_clean\src\client\java\mchorse\bbs_mod\client\renderer\ModelBlockEntityRenderer.java:45: 閿欒: 鎵句笉鍒扮鍙?     
 public static void renderShadow(VertexConsumer provider, PoseStack matrices, float tickDelta, double x, double y, doub
le z, float tx, float ty, float tz)
                                      ^
    绗﹀彿:   绫?VertexConsumer
    浣嶇疆: 绫?ModelBlockEntityRenderer
  D:\DEV\bbs_clean\src\client\java\mchorse\bbs_mod\client\renderer\ModelBlockEntityRenderer.java:50: 閿欒: 鎵句笉鍒扮鍙?     
 public static void renderShadow(VertexConsumer provider, PoseStack matrices, float tickDelta, double x, double y, doub
le z, float tx, float ty, float tz, float radius, float opacity)
                                      ^
    绗﹀彿:   绫?VertexConsumer
    浣嶇疆: 绫?ModelBlockEntityRenderer
  D:\DEV\bbs_clean\src\client\java\mchorse\bbs_mod\client\renderer\ModelBlockEntityRenderer.java:106: 閿欒: 鎵句笉鍒扮鍙?    
  public void render(ModelBlockEntity entity, float tickDelta, PoseStack matrices, VertexConsumer vertexConsumers, int 
light, int overlay)
                                                                                       ^
    绗﹀彿:   绫?VertexConsumer
    浣嶇疆: 绫?ModelBlockEntityRenderer
  D:\DEV\bbs_clean\src\client\java\mchorse\bbs_mod\client\renderer\MorphRenderer.java:30: 閿欒: 鎵句笉鍒扮鍙?      public sta
tic boolean renderPlayer(AbstractClientPlayer player, float f, float g, PoseStack matrixStack, VertexConsumer vertexCon
sumerProvider, int i)
                                                                                                               ^
    绗﹀彿:   绫?VertexConsumer
    浣嶇疆: 绫?MorphRenderer
  D:\DEV\bbs_clean\src\client\java\mchorse\bbs_mod\client\renderer\MorphRenderer.java:86: 閿欒: 鎵句笉鍒扮鍙?      public sta
tic boolean renderLivingEntity(LivingEntity livingEntity, float f, float g, PoseStack matrixStack, VertexConsumer verte
xConsumerProvider, int i, int o)
                                                                                                                   ^
    绗﹀彿:   绫?VertexConsumer
    浣嶇疆: 绫?MorphRenderer
  D:\DEV\bbs_clean\src\client\java\mchorse\bbs_mod\cubic\render\vao\BOBJModelVAO.java:214: 閿欒: 鎵句笉鍒扮鍙?      public vo
id render(ShaderProgram shader, PoseStack stack, float r, float g, float b, float a, StencilMap stencilMap, int light, 
int overlay)
                         ^
    绗﹀彿:   绫?ShaderProgram
    浣嶇疆: 绫?BOBJModelVAO
  D:\DEV\bbs_clean\src\client\java\mchorse\bbs_mod\cubic\render\CubicVAORenderer.java:20: 閿欒: 鎵句笉鍒扮鍙?      private Sh
aderProgram program;
              ^
    绗﹀彿:   绫?ShaderProgram
    浣嶇疆: 绫?CubicVAORenderer
  D:\DEV\bbs_clean\src\client\java\mchorse\bbs_mod\cubic\render\CubicVAORenderer.java:23: 閿欒: 鎵句笉鍒扮鍙?      public Cub
icVAORenderer(ShaderProgram program, ModelInstance model, int light, int overlay, StencilMap stencilMap, ShapeKeys shap
eKeys)
                              ^
    绗﹀彿:   绫?ShaderProgram
    浣嶇疆: 绫?CubicVAORenderer
  D:\DEV\bbs_clean\src\client\java\mchorse\bbs_mod\cubic\render\vao\ModelVAORenderer.java:13: 閿欒: 鎵句笉鍒扮鍙?      public
 static void render(ShaderProgram shader, IModelVAO modelVAO, PoseStack stack, float r, float g, float b, float a, int 
light, int overlay)
                                ^
    绗﹀彿:   绫?ShaderProgram
    浣嶇疆: 绫?ModelVAORenderer
  D:\DEV\bbs_clean\src\client\java\mchorse\bbs_mod\cubic\render\vao\ModelVAORenderer.java:28: 閿欒: 鎵句笉鍒扮鍙?      public
 static void setupUniforms(PoseStack stack, ShaderProgram shader)
                                                        ^
    绗﹀彿:   绫?ShaderProgram
    浣嶇疆: 绫?ModelVAORenderer
  D:\DEV\bbs_clean\src\client\java\mchorse\bbs_mod\film\FirstPersonFilmController.java:15: 閿欒: 鎵句笉鍒扮鍙?      protected
 void renderEntity(LevelRenderContext context, Replay replay, IEntity entity)
                                  ^
    绗﹀彿:   绫?LevelRenderContext
    浣嶇疆: 绫?FirstPersonFilmController
  D:\DEV\bbs_clean\src\client\java\mchorse\bbs_mod\forms\CustomVertexConsumerProvider.java:15: 閿欒: 鎵句笉鍒扮鍙?  public cl
ass CustomVertexConsumer extends VertexConsumer.Immediate
                                                          ^
    绗﹀彿:   绫?Immediate
    浣嶇疆: 鎺ュ彛 VertexConsumer
  D:\DEV\bbs_clean\src\client\java\mchorse\bbs_mod\forms\CustomVertexConsumerProvider.java:17: 閿欒: 鎵句笉鍒扮鍙?      priva
te static Consumer<RenderTypes> runnables;
                              ^
    绗﹀彿:   绫?RenderTypes
    浣嶇疆: 绫?CustomVertexConsumer
  D:\DEV\bbs_clean\src\client\java\mchorse\bbs_mod\forms\CustomVertexConsumerProvider.java:22: 閿欒: 鎵句笉鍒扮鍙?      publi
c static void drawLayer(RenderTypes layer)
                                   ^
    绗﹀彿:   绫?RenderTypes
    浣嶇疆: 绫?CustomVertexConsumer
  D:\DEV\bbs_clean\src\client\java\mchorse\bbs_mod\forms\CustomVertexConsumerProvider.java:30: 閿欒: 鎵句笉鍒扮鍙?      publi
c static void hijackVertexFormat(Consumer<RenderTypes> runnable)
                                                     ^
    绗﹀彿:   绫?RenderTypes
    浣嶇疆: 绫?CustomVertexConsumer
  D:\DEV\bbs_clean\src\client\java\mchorse\bbs_mod\forms\CustomVertexConsumerProvider.java:40: 閿欒: 鎵句笉鍒扮鍙?      publi
c CustomVertexConsumer(BufferBuilder fallback, Map<RenderTypes, BufferBuilder> layers)
                                                              ^
    绗﹀彿:   绫?RenderTypes
    浣嶇疆: 绫?CustomVertexConsumer
  D:\DEV\bbs_clean\src\client\java\mchorse\bbs_mod\forms\CustomVertexConsumerProvider.java:61: 閿欒: 鎵句笉鍒扮鍙?      publi
c VertexConsumer getBuffer(RenderTypes renderLayer)
                                      ^
    绗﹀彿:   绫?RenderTypes
    浣嶇疆: 绫?CustomVertexConsumer
  D:\DEV\bbs_clean\src\client\java\mchorse\bbs_mod\forms\FormUtilsClient.java:93: 閿欒: 鎵句笉鍒扮鍙?      private static voi
d assignBufferBuilder(Object2ObjectLinkedOpenHashMap<RenderTypes, BufferBuilder> builderStorage, RenderTypes layer)
                                                                             ^
    绗﹀彿:   绫?RenderTypes
    浣嶇疆: 绫?FormUtilsClient
  D:\DEV\bbs_clean\src\client\java\mchorse\bbs_mod\forms\FormUtilsClient.java:93: 閿欒: 鎵句笉鍒扮鍙?      private static voi
d assignBufferBuilder(Object2ObjectLinkedOpenHashMap<RenderTypes, BufferBuilder> builderStorage, RenderTypes layer)
                                                                                                                       
  ^
    绗﹀彿:   绫?RenderTypes
    浣嶇疆: 绫?FormUtilsClient
  D:\DEV\bbs_clean\src\client\java\mchorse\bbs_mod\forms\renderers\FormRenderer.java:173: 閿欒: 鎵句笉鍒扮鍙?      protected 
Supplier<ShaderProgram> getShader(FormRenderingContext context, Supplier<ShaderProgram> normal, Supplier<ShaderProgram>
 picking)
                                                                                         ^
    绗﹀彿:   绫?ShaderProgram
    浣嶇疆: 绫?FormRenderer<T>
    鍏朵腑, T鏄被鍨嬪彉閲?
      T鎵╁睍宸插湪绫?FormRenderer涓０鏄庣殑Form
  D:\DEV\bbs_clean\src\client\java\mchorse\bbs_mod\forms\renderers\FormRenderer.java:173: 閿欒: 鎵句笉鍒扮鍙?      protected 
Supplier<ShaderProgram> getShader(FormRenderingContext context, Supplier<ShaderProgram> normal, Supplier<ShaderProgram>
 picking)
                                                                                                                       
  ^
    绗﹀彿:   绫?ShaderProgram
    浣嶇疆: 绫?FormRenderer<T>
    鍏朵腑, T鏄被鍨嬪彉閲?
      T鎵╁睍宸插湪绫?FormRenderer涓０鏄庣殑Form
  D:\DEV\bbs_clean\src\client\java\mchorse\bbs_mod\forms\renderers\FormRenderer.java:173: 閿欒: 鎵句笉鍒扮鍙?      protected 
Supplier<ShaderProgram> getShader(FormRenderingContext context, Supplier<ShaderProgram> normal, Supplier<ShaderProgram>
 picking)
                         ^
    绗﹀彿:   绫?ShaderProgram
    浣嶇疆: 绫?FormRenderer<T>
    鍏朵腑, T鏄被鍨嬪彉閲?
      T鎵╁睍宸插湪绫?FormRenderer涓０鏄庣殑Form
  D:\DEV\bbs_clean\src\client\java\mchorse\bbs_mod\forms\renderers\FormRenderer.java:185: 閿欒: 鎵句笉鍒扮鍙?      protected 
void setupTarget(FormRenderingContext context, ShaderProgram program)
                                                               ^
    绗﹀彿:   绫?ShaderProgram
    浣嶇疆: 绫?FormRenderer<T>
    鍏朵腑, T鏄被鍨嬪彉閲?
      T鎵╁睍宸插湪绫?FormRenderer涓０鏄庣殑Form
  D:\DEV\bbs_clean\src\client\java\mchorse\bbs_mod\forms\renderers\BillboardFormRenderer.java:93: 閿欒: 鎵句笉鍒扮鍙?      pr
ivate void renderModel(VertexFormat format, Supplier<ShaderProgram> shader, PoseStack matrices, int overlay, int light,
 int overlayColor, float transition)
                                                             ^
3 actionable tasks: 1 executed, 2 up-to-date
    绗﹀彿:   绫?ShaderProgram
    浣嶇疆: 绫?BillboardFormRenderer
  D:\DEV\bbs_clean\src\client\java\mchorse\bbs_mod\forms\renderers\BillboardFormRenderer.java:169: 閿欒: 鎵句笉鍒扮鍙?      p
rivate void renderQuad(VertexFormat format, Texture texture, Supplier<ShaderProgram> shader, PoseStack matrices, int ov
erlay, int light, int overlayColor, float transition)
                                                                             ^
    绗﹀彿:   绫?ShaderProgram
    浣嶇疆: 绫?BillboardFormRenderer
  D:\DEV\bbs_clean\src\client\java\mchorse\bbs_mod\forms\renderers\ExtrudedFormRenderer.java:86: 閿欒: 鎵句笉鍒扮鍙?      pri
vate void renderModel(Supplier<ShaderProgram> shader, PoseStack matrices, int overlay, int light, int overlayColor, flo
at transition)
                                        ^
    绗﹀彿:   绫?ShaderProgram
    浣嶇疆: 绫?ExtrudedFormRenderer
  D:\DEV\bbs_clean\src\client\java\mchorse\bbs_mod\forms\renderers\FramebufferFormRenderer.java:134: 閿欒: 鎵句笉鍒扮鍙?     
 private void renderModel(Texture texture, VertexFormat format, Supplier<ShaderProgram> shader, PoseStack matrices, int
 overlay, int light, int overlayColor, float transition)
                                                                              ^
    绗﹀彿:   绫?ShaderProgram
    浣嶇疆: 绫?FramebufferFormRenderer
  D:\DEV\bbs_clean\src\client\java\mchorse\bbs_mod\forms\renderers\FramebufferFormRenderer.java:167: 閿欒: 鎵句笉鍒扮鍙?     
 private void renderQuad(VertexFormat format, Texture texture, Supplier<ShaderProgram> shader, PoseStack matrices, int 
overlay, int light, int overlayColor, float transition)
                                                                             ^
    绗﹀彿:   绫?ShaderProgram
    浣嶇疆: 绫?FramebufferFormRenderer
  D:\DEV\bbs_clean\src\client\java\mchorse\bbs_mod\forms\renderers\MobFormRenderer.java:24: 閿欒: 鎵句笉鍒扮鍙?  import net.m
inecraft.client.player.OtherPlayer;
                                    ^
    绗﹀彿:   绫?OtherPlayer
    浣嶇疆: 绋嬪簭鍖?net.minecraft.client.player
  D:\DEV\bbs_clean\src\client\java\mchorse\bbs_mod\forms\renderers\ModelFormRenderer.java:278: 閿欒: 鎵句笉鍒扮鍙?      priva
te void renderModel(IEntity target, Supplier<ShaderProgram> program, PoseStack stack, ModelInstance model, int light, i
nt overlay, Color color, boolean ui, StencilMap stencilMap, float transition)
                                                        ^
    绗﹀彿:   绫?ShaderProgram
    浣嶇疆: 绫?ModelFormRenderer
  D:\DEV\bbs_clean\src\client\java\mchorse\bbs_mod\forms\renderers\utils\RecolorVertexSodiumConsumer.java:6: 閿欒: 鎵句笉鍒扮
鍙?  import net.caffeinemc.mods.sodium.api.vertex.format.VertexFormatDescription;
                                                     ^
    绗﹀彿:   绫?VertexFormatDescription
    浣嶇疆: 绋嬪簭鍖?net.caffeinemc.mods.sodium.api.vertex.format
  D:\DEV\bbs_clean\src\client\java\mchorse\bbs_mod\forms\renderers\utils\RecolorVertexSodiumConsumer.java:20: 閿欒: 鎵句笉鍒
扮鍙?      public void push(MemoryStack memoryStack, long l, int i, VertexFormatDescription vertexFormatDescription)
                                                               ^
    绗﹀彿:   绫?VertexFormatDescription
    浣嶇疆: 绫?RecolorVertexSodiumConsumer
  D:\DEV\bbs_clean\src\client\java\mchorse\bbs_mod\mixin\client\EntityRenderDispatcherMixin.java:28: 閿欒: 鎵句笉鍒扮鍙?     
     PoseStack matrices, VertexConsumer vcp, int light,
                              ^
    绗﹀彿:   绫?VertexConsumer
    浣嶇疆: 绫?EntityRenderDispatcherMixin
  D:\DEV\bbs_clean\src\client\java\mchorse\bbs_mod\mixin\client\EntityRendererDispatcherInvoker.java:15: 閿欒: 鎵句笉鍒扮鍙? 
     public static void bbs$renderShadow(PoseStack matrices, VertexConsumer vertexConsumers, Entity entity, float opaci
ty, float tickDelta, LevelReader world, float radius)
                                                              ^
    绗﹀彿:   绫?VertexConsumer
    浣嶇疆: 鎺ュ彛 EntityRendererDispatcherInvoker
  娉? 鏈夊叧璇︾粏淇℃伅, 璇蜂娇鐢?-Xlint:unchecked 閲嶆柊缂栬瘧銆?
  D:\DEV\bbs_clean\src\client\java\mchorse\bbs_mod\utils\VideoRecorder.java:164: 璀﹀憡: [removal] Unsafe 涓殑 objectFieldO
ffset(Field) 宸茶繃鏃? 涓旀爣璁颁负寰呭垹闄?                      os = (OutputStream) unsafe.getObject(os, unsafe.objectFieldOffset(o
utField));
                                                                     ^
  D:\DEV\bbs_clean\src\client\java\mchorse\bbs_mod\utils\VideoRecorder.java:164: 璀﹀憡: [removal] Unsafe 涓殑 getObject(Ob
ject,long) 宸茶繃鏃? 涓旀爣璁颁负寰呭垹闄?                      os = (OutputStream) unsafe.getObject(os, unsafe.objectFieldOffset(out
Field));
                                                ^
  娉? 鏌愪簺娑堟伅宸茬粡杩囩畝鍖? 璇蜂娇鐢?-Xdiags:verbose 閲嶆柊缂栬瘧浠ヨ幏寰楀畬鏁磋緭鍑?
  娉? 鏌愪簺杈撳叆鏂囦欢浣跨敤浜嗘湭缁忔鏌ユ垨涓嶅畨鍏ㄧ殑鎿嶄綔銆?
  D:\DEV\bbs_clean\src\client\java\mchorse\bbs_mod\mixin\client\iris\EntityVertexMixin.java:5: 閿欒: 绋嬪簭鍖卬et.irisshaders
.iris.compat.sodium.impl.vertex_format.entity_xhfp涓嶅瓨鍦?  import net.irisshaders.iris.compat.sodium.impl.vertex_format.e
ntity_xhfp.EntityVertex;
                                                                          ^
  D:\DEV\bbs_clean\src\client\java\mchorse\bbs_mod\forms\CustomVertexConsumerProvider.java:15: 閿欒: 绫?CustomVertexConsu
mer 鏄叕鍏辩殑, 搴斿湪鍚嶄负 CustomVertexConsumer.java 鐨勬枃浠朵腑澹版槑
  public class CustomVertexConsumer extends VertexConsumer.Immediate
         ^
  D:\DEV\bbs_clean\src\client\java\mchorse\bbs_mod\mixin\client\RenderLayerMixin.java:13: 閿欒: 绫?RenderTypesMixin 鏄叕鍏辩
殑, 搴斿湪鍚嶄负 RenderTypesMixin.java 鐨勬枃浠朵腑澹版槑
  public class RenderTypesMixin
         ^
  100 涓敊璇?
  4 涓鍛?

* Try:
> Check your code and dependencies to fix the compilation error(s)
> Run with --scan to get full insights from a Build Scan (powered by Develocity).

BUILD FAILED in 25s
